MUTE		0x01 KEY_MUTE		113	 1 /* KEY_MUTE 113 */
VOLUMEDOWN		0x01 KEY_VOLUMEDOWN		114	 1 /* KEY_VOLUMEDOWN 114 */
VOLUMEUP		0x01 KEY_VOLUMEUP		115	 1 /* KEY_VOLUMEUP 115 */
POWER		0x01 KEY_POWER		116	 1 /* KEY_POWER 116 */
KPEQUAL		0x01 KEY_KPEQUAL		117	 1 /* KEY_KPEQUAL 117 */
KPPLUSMINUS		0x01 KEY_KPPLUSMINUS		118	 1 /* KEY_KPPLUSMINUS 118 */
PAUSE		0x01 KEY_PAUSE		119	 1 /* KEY_PAUSE 119 */
SCALE		0x01 KEY_SCALE		120	 1 /* KEY_SCALE 120 */
KPCOMMA		0x01 KEY_KPCOMMA		121	 1 /* KEY_KPCOMMA 121 */
HANGEUL		0x01 KEY_HANGEUL		122	 1 /* KEY_HANGEUL 122 */
HANJA		0x01 KEY_HANJA		123	 1 /* KEY_HANJA 123 */
YEN		0x01 KEY_YEN		124	 1 /* KEY_YEN 124 */
LEFTMETA		0x01 KEY_LEFTMETA		125	 1 /* KEY_LEFTMETA 125 */
RIGHTMETA		0x01 KEY_RIGHTMETA		126	 1 /* KEY_RIGHTMETA 126 */
COMPOSE		0x01 KEY_COMPOSE		127	 1 /* KEY_COMPOSE 127 */
STOP		0x01 KEY_STOP		128	 1 /* KEY_STOP 128 */
AGAIN		0x01 KEY_AGAIN		129	 1 /* KEY_AGAIN 129 */
PROPS		0x01 KEY_PROPS		130	 1 /* KEY_PROPS 130 */
UNDO		0x01 KEY_UNDO		131	 1 /* KEY_UNDO 131 */
FRONT		0x01 KEY_FRONT		132	 1 /* KEY_FRONT 132 */
COPY		0x01 KEY_COPY		133	 1 /* KEY_COPY 133 */
OPEN		0x01 KEY_OPEN		134	 1 /* KEY_OPEN 134 */
PASTE		0x01 KEY_PASTE		135	 1 /* KEY_PASTE 135 */
FIND		0x01 KEY_FIND		136	 1 /* KEY_FIND 136 */
CUT		0x01 KEY_CUT		137	 1 /* KEY_CUT 137 */
HELP		0x01 KEY_HELP		138	 1 /* KEY_HELP 138 */
MENU		0x01 KEY_MENU		139	 1 /* KEY_MENU 139 */
CALC		0x01 KEY_CALC		140	 1 /* KEY_CALC 140 */
SETUP		0x01 KEY_SETUP		141	 1 /* KEY_SETUP 141 */
SLEEP		0x01 KEY_SLEEP		142	 1 /* KEY_SLEEP 142 */
WAKEUP		0x01 KEY_WAKEUP		143	 1 /* KEY_WAKEUP 143 */
FILE		0x01 KEY_FILE		144	 1 /* KEY_FILE 144 */
SENDFILE		0x01 KEY_SENDFILE		145	 1 /* KEY_SENDFILE 145 */
DELETEFILE		0x01 KEY_DELETEFILE		146	 1 /* KEY_DELETEFILE 146 */
XFER		0x01 KEY_XFER		147	 1 /* KEY_XFER 147 */
PROG1		0x01 KEY_PROG1		148	 1 /* KEY_PROG1 148 */
PROG2		0x01 KEY_PROG2		149	 1 /* KEY_PROG2 149 */
WWW		0x01 KEY_WWW		150	 1 /* KEY_WWW 150 */
MSDOS		0x01 KEY_MSDOS		151	 1 /* KEY_MSDOS 151 */
COFFEE		0x01 KEY_COFFEE		152	 1 /* KEY_COFFEE 152 */
DIRECTION		0x01 KEY_DIRECTION		153	 1 /* KEY_DIRECTION 153 */
CYCLEWINDOWS		0x01 KEY_CYCLEWINDOWS		154	 1 /* KEY_CYCLEWINDOWS 154 */
MAIL		0x01 KEY_MAIL		155	 1 /* KEY_MAIL 155 */
BOOKMARKS		0x01 KEY_BOOKMARKS		156	 1 /* KEY_BOOKMARKS 156 */
COMPUTER		0x01 KEY_COMPUTER		157	 1 /* KEY_COMPUTER 157 */
BACK		0x01 KEY_BACK		158	 1 /* KEY_BACK 158 */
FORWARD		0x01 KEY_FORWARD		159	 1 /* KEY_FORWARD 159 */
CLOSECD		0x01 KEY_CLOSECD		160	 1 /* KEY_CLOSECD 160 */
EJECTCD		0x01 KEY_EJECTCD		161	 1 /* KEY_EJECTCD 161 */
EJECTCLOSECD		0x01 KEY_EJECTCLOSECD		162	 1 /* KEY_EJECTCLOSECD 162 */
NEXTSONG		0x01 KEY_NEXTSONG		163	 1 /* KEY_NEXTSONG 163 */
PLAYPAUSE		0x01 KEY_PLAYPAUSE		164	 1 /* KEY_PLAYPAUSE 164 */
PREVIOUSSONG		0x01 KEY_PREVIOUSSONG		165	 1 /* KEY_PREVIOUSSONG 165 */
STOPCD		0x01 KEY_STOPCD		166	 1 /* KEY_STOPCD 166 */
RECORD		0x01 KEY_RECORD		167	 1 /* KEY_RECORD 167 */
REWIND		0x01 KEY_REWIND		168	 1 /* KEY_REWIND 168 */
PHONE		0x01 KEY_PHONE		169	 1 /* KEY_PHONE 169 */
ISO		0x01 KEY_ISO		170	 1 /* KEY_ISO 170 */
CONFIG		0x01 KEY_CONFIG		171	 1 /* KEY_CONFIG 171 */
HOMEPAGE		0x01 KEY_HOMEPAGE		172	 1 /* KEY_HOMEPAGE 172 */
REFRESH		0x01 KEY_REFRESH		173	 1 /* KEY_REFRESH 173 */
EXIT		0x01 KEY_EXIT		174	 1 /* KEY_EXIT 174 */
MOVE		0x01 KEY_MOVE		175	 1 /* KEY_MOVE 175 */
EDIT		0x01 KEY_EDIT		176	 1 /* KEY_EDIT 176 */
SCROLLUP		0x01 KEY_SCROLLUP		177	 1 /* KEY_SCROLLUP 177 */
SCROLLDOWN		0x01 KEY_SCROLLDOWN		178	 1 /* KEY_SCROLLDOWN 178 */
KPLEFTPAREN		0x01 KEY_KPLEFTPAREN		179	 1 /* KEY_KPLEFTPAREN 179 */
KPRIGHTPAREN		0x01 KEY_KPRIGHTPAREN		180	 1 /* KEY_KPRIGHTPAREN 180 */
NEW		0x01 KEY_NEW		181	 1 /* KEY_NEW 181 */
REDO		0x01 KEY_REDO		182	 1 /* KEY_REDO 182 */
F13		0x01 KEY_F13		183	 1 /* KEY_F13 183 */
F14		0x01 KEY_F14		184	 1 /* KEY_F14 184 */
F15		0x01 KEY_F15		185	 1 /* KEY_F15 185 */
F16		0x01 KEY_F16		186	 1 /* KEY_F16 186 */
F17		0x01 KEY_F17		187	 1 /* KEY_F17 187 */
F18		0x01 KEY_F18		188	 1 /* KEY_F18 188 */
F19		0x01 KEY_F19		189	 1 /* KEY_F19 189 */
F20		0x01 KEY_F20		190	 1 /* KEY_F20 190 */
F21		0x01 KEY_F21		191	 1 /* KEY_F21 191 */
F22		0x01 KEY_F22		192	 1 /* KEY_F22 192 */
F23		0x01 KEY_F23		193	 1 /* KEY_F23 193 */
F24		0x01 KEY_F24		194	 1 /* KEY_F24 194 */
PLAYCD		0x01 KEY_PLAYCD		200	 1 /* KEY_PLAYCD 200 */
PAUSECD		0x01 KEY_PAUSECD		201	 1 /* KEY_PAUSECD 201 */
PROG3		0x01 KEY_PROG3		202	 1 /* KEY_PROG3 202 */
PROG4		0x01 KEY_PROG4		203	 1 /* KEY_PROG4 203 */
DASHBOARD		0x01 KEY_DASHBOARD		204	 1 /* KEY_DASHBOARD 204 */
SUSPEND		0x01 KEY_SUSPEND		205	 1 /* KEY_SUSPEND 205 */
CLOSE		0x01 KEY_CLOSE		206	 1 /* KEY_CLOSE 206 */
PLAY		0x01 KEY_PLAY		207	 1 /* KEY_PLAY 207 */
FASTFORWARD		0x01 KEY_FASTFORWARD		208	 1 /* KEY_FASTFORWARD 208 */
BASSBOOST		0x01 KEY_BASSBOOST		209	 1 /* KEY_BASSBOOST 209 */
PRINT		0x01 KEY_PRINT		210	 1 /* KEY_PRINT 210 */
HP		0x01 KEY_HP		211	 1 /* KEY_HP 211 */
CAMERA		0x01 KEY_CAMERA		212	 1 /* KEY_CAMERA 212 */
SOUND		0x01 KEY_SOUND		213	 1 /* KEY_SOUND 213 */
QUESTION		0x01 KEY_QUESTION		214	 1 /* KEY_QUESTION 214 */
EMAIL		0x01 KEY_EMAIL		215	 1 /* KEY_EMAIL 215 */
CHAT		0x01 KEY_CHAT		216	 1 /* KEY_CHAT 216 */
SEARCH		0x01 KEY_SEARCH		217	 1 /* KEY_SEARCH 217 */
CONNECT		0x01 KEY_CONNECT		218	 1 /* KEY_CONNECT 218 */
FINANCE		0x01 KEY_FINANCE		219	 1 /* KEY_FINANCE 219 */
SPORT		0x01 KEY_SPORT		220	 1 /* KEY_SPORT 220 */
SHOP		0x01 KEY_SHOP		221	 1 /* KEY_SHOP 221 */
ALTERASE		0x01 KEY_ALTERASE		222	 1 /* KEY_ALTERASE 222 */
CANCEL		0x01 KEY_CANCEL		223	 1 /* KEY_CANCEL 223 */
BRIGHTNESSDOWN		0x01 KEY_BRIGHTNESSDOWN		224	 1 /* KEY_BRIGHTNESSDOWN 224 */
BRIGHTNESSUP		0x01 KEY_BRIGHTNESSUP		225	 1 /* KEY_BRIGHTNESSUP 225 */
MEDIA		0x01 KEY_MEDIA		226	 1 /* KEY_MEDIA 226 */
SWITCHVIDEOMODE		0x01 KEY_SWITCHVIDEOMODE		227	 1 /* KEY_SWITCHVIDEOMODE 227 */
KBDILLUMTOGGLE		0x01 KEY_KBDILLUMTOGGLE		228	 1 /* KEY_KBDILLUMTOGGLE 228 */
KBDILLUMDOWN		0x01 KEY_KBDILLUMDOWN		229	 1 /* KEY_KBDILLUMDOWN 229 */
KBDILLUMUP		0x01 KEY_KBDILLUMUP		230	 1 /* KEY_KBDILLUMUP 230 */
SEND		0x01 KEY_SEND		231	 1 /* KEY_SEND 231 */
REPLY		0x01 KEY_REPLY		232	 1 /* KEY_REPLY 232 */
FORWARDMAIL		0x01 KEY_FORWARDMAIL		233	 1 /* KEY_FORWARDMAIL 233 */
SAVE		0x01 KEY_SAVE		234	 1 /* KEY_SAVE 234 */
DOCUMENTS		0x01 KEY_DOCUMENTS		235	 1 /* KEY_DOCUMENTS 235 */
BATTERY		0x01 KEY_BATTERY		236	 1 /* KEY_BATTERY 236 */
BLUETOOTH		0x01 KEY_BLUETOOTH		237	 1 /* KEY_BLUETOOTH 237 */
WLAN		0x01 KEY_WLAN		238	 1 /* KEY_WLAN 238 */
UWB		0x01 KEY_UWB		239	 1 /* KEY_UWB 239 */
UNKNOWN		0x01 KEY_UNKNOWN		240	 1 /* KEY_UNKNOWN 240 */
VIDEO_NEXT		0x01 KEY_VIDEO_NEXT		241	 1 /* KEY_VIDEO_NEXT 241 */
VIDEO_PREV		0x01 KEY_VIDEO_PREV		242	 1 /* KEY_VIDEO_PREV 242 */
BRIGHTNESS_CYCLE		0x01 KEY_BRIGHTNESS_CYCLE		243	 1 /* KEY_BRIGHTNESS_CYCLE 243 */
BRIGHTNESS_ZERO		0x01 KEY_BRIGHTNESS_ZERO		244	 1 /* KEY_BRIGHTNESS_ZERO 244 */
DISPLAY_OFF		0x01 KEY_DISPLAY_OFF		245	 1 /* KEY_DISPLAY_OFF 245 */
WIMAX		0x01 KEY_WIMAX		246	 1 /* KEY_WIMAX 246 */
RFKILL		0x01 KEY_RFKILL		247	 1 /* KEY_RFKILL 247 */
MICMUTE		0x01 KEY_MICMUTE		248	 1 /* KEY_MICMUTE 248 */
