
#static void parse_map_file(const char *filename)
#{
#
#       while (config_read(parser, tokens, 6, 6, "# \t", PARSE_NORMAL)) {
#           evt_tab = xrealloc_vector(evt_tab, 1, n_evt);
#           evt_tab[n_evt].s_type = xstrdup(tokens[0]);
#           evt_tab[n_evt].n_type = xstrtou(tokens[1], 16);
#           evt_tab[n_evt].s_code = xstrdup(tokens[2]);
#           evt_tab[n_evt].n_code = xatou16(tokens[3]);
#           evt_tab[n_evt].value = xatoi_positive(tokens[4]);
#           evt_tab[n_evt].desc = xstrdup(tokens[5]);
#           n_evt++;
#       }

#struct acpi_event {
#   const char *s_type;
#   uint16_t n_type;
#   const char *s_code;
#   uint16_t n_code;
#   uint32_t value;
#   const char *desc;
#};

#static const struct acpi_event f_evt_tab[] = {
#   { "EV_KEY", 0x01, "KEY_POWER", 116, 1, "button/power PWRF 00000080" },
#   { "EV_KEY", 0x01, "KEY_POWER", 116, 1, "button/power PWRB 00000080" },
#};

# <[uapi/]linux/input.h>
#define KEY_MUTE        113
#define KEY_VOLUMEDOWN      114
#define KEY_VOLUMEUP        115
#define KEY_POWER       116 /* SC System Power Down */
#define KEY_PAUSE       119
#define KEY_STOP        128 /* AC Stop */
#define KEY_AGAIN       129
#define KEY_CALC        140 /* AL Calculator */
#define KEY_SLEEP       142 /* SC System Sleep */
#define KEY_WAKEUP      143 /* System Wake Up */
#define KEY_FILE        144 /* AL Local Machine Browser */
#define KEY_WWW         150 /* AL Internet Browser */
#define KEY_MSDOS       151
#define KEY_COFFEE      152 /* AL Terminal Lock/Screensaver */
#define KEY_SCREENLOCK      KEY_COFFEE
#define KEY_CYCLEWINDOWS    154
#define KEY_MAIL        155
#define KEY_BOOKMARKS       156 /* AC Bookmarks */
#define KEY_COMPUTER        157
#define KEY_BACK        158 /* AC Back */
#define KEY_FORWARD     159 /* AC Forward */
#define KEY_NEXTSONG        163
#define KEY_PLAYPAUSE       164
#define KEY_PREVIOUSSONG    165
#define KEY_HOMEPAGE        172 /* AC Home */
#define KEY_REFRESH     173 /* AC Refresh */
#define KEY_EXIT        174 /* AC Exit */


# Power:
# button/power PWRF 00000080
#  acpid: bad line 1: 1 tokens found, 6 needed

# button/power PWRF 00000080 button/power PWRF 00000080
#  acpid: invalid number 'PWRF'

#  "EV_KEY" 0x01 "KEY_POWER" 222 1 "button/power PWRF 00000080"
#  "EV_KEY" 0x01 "KEY_POWER" 222 1 "button/power PWRB 00000080"
#  "EV_KEY" 0x01 "KEY_POWER" 222 1 "button/power PBTN 00000080"
#   acpid: invalid number '0x01,'

#  "EV_KEY" 0x01 "KEY_POWER" 116 1 /proc/acpi/button/power/PWRF/info
#  "EV_KEY" 0x01 "KEY_POWER" 116 1 /etc/acpi/PWRF/00000080
#  "EV_KEY" 0x01 "KEY_POWER" 116 1 /etc/acpi/busybox/powerbutton

#   acpid: "button/power PWRF 00000080": No such file or director
#   acpid: "PWRF/00000080": No such file or directory
#   acpid: "/etc/acpi/PWRF/00000080": No such file or directory

# PWRF 0x01 "KEY_POWER" 116 1 /proc/acpi/button/power/PWRF/info

EV_KEY 0x01 KEY_POWER 116 1 PWRF


#MUTE        0x01 KEY_MUTE       113 1 /proc/acpi/button/power/PWRF/info
#VOLUMEDOWN  0x01 KEY_VOLUMEDOWN 114 1 /proc/acpi/button/power/PWRF/info
#VOLUMEUP    0x01 KEY_VOLUMEUP   115 1 /proc/acpi/button/power/PWRF/info

##PWRF      0x01 KEY_POWER      116 1 /proc/acpi/button/power/PWRF/info

###EV_KEY 0x01 KEY_ 117 1 /proc/acpi/button/power/PWRF/info
###EV_KEY 0x01 KEY_ 118 1 /proc/acpi/button/power/PWRF/info

#PAUSE       0x01 KEY_PAUSE      119 1 /proc/acpi/button/power/PWRF/info

###EV_KEY 0x01 KEY_ 120 1 /proc/acpi/button/power/PWRF/info
###EV_KEY 0x01 KEY_ 121 1 /proc/acpi/button/power/PWRF/info
###EV_KEY 0x01 KEY_ 122 1 /proc/acpi/button/power/PWRF/info
###EV_KEY 0x01 KEY_ 123 1 /proc/acpi/button/power/PWRF/info
###EV_KEY 0x01 KEY_ 124 1 /proc/acpi/button/power/PWRF/info
###EV_KEY 0x01 KEY_ 125 1 /proc/acpi/button/power/PWRF/info
###EV_KEY 0x01 KEY_ 126 1 /proc/acpi/button/power/PWRF/info
###EV_KEY 0x01 KEY_ 127 1 /proc/acpi/button/power/PWRF/info

#STOP    0x01 KEY_STOP       128 1 /proc/acpi/button/power/PWRF/info
#AGAIN    0x01 KEY_AGAIN     129 1 /proc/acpi/button/power/PWRF/info

###EV_KEY 0x01 KEY_ 130 1 /proc/acpi/button/power/PWRF/info
###EV_KEY 0x01 KEY_ 131 1 /proc/acpi/button/power/PWRF/info
###EV_KEY 0x01 KEY_ 132 1 /proc/acpi/button/power/PWRF/info
###EV_KEY 0x01 KEY_ 133 1 /proc/acpi/button/power/PWRF/info
###EV_KEY 0x01 KEY_ 134 1 /proc/acpi/button/power/PWRF/info
###EV_KEY 0x01 KEY_ 135 1 /proc/acpi/button/power/PWRF/info
###EV_KEY 0x01 KEY_ 136 1 /proc/acpi/button/power/PWRF/info
###EV_KEY 0x01 KEY_ 137 1 /proc/acpi/button/power/PWRF/info
###EV_KEY 0x01 KEY_ 138 1 /proc/acpi/button/power/PWRF/info
###EV_KEY 0x01 KEY_ 139 1 /proc/acpi/button/power/PWRF/info
###EV_KEY 0x01 KEY_ 140 1 /proc/acpi/button/power/PWRF/info
###EV_KEY 0x01 KEY_ 141 1 /proc/acpi/button/power/PWRF/info

#SLEEP   0x01 KEY_SLEEP      142 1 /proc/acpi/button/power/PWRF/info
#WAKEUP  0x01 KEY_WAKEUP     143 1 /proc/acpi/button/power/PWRF/info

###EV_KEY 0x01 KEY_ 144 1 /proc/acpi/button/power/PWRF/info
###EV_KEY 0x01 KEY_ 145 1 /proc/acpi/button/power/PWRF/info
###EV_KEY 0x01 KEY_ 146 1 /proc/acpi/button/power/PWRF/info
###EV_KEY 0x01 KEY_ 147 1 /proc/acpi/button/power/PWRF/info
###EV_KEY 0x01 KEY_ 148 1 /proc/acpi/button/power/PWRF/info
###EV_KEY 0x01 KEY_ 149 1 /proc/acpi/button/power/PWRF/info

#WWW     0x01 KEY_WWW        150 1 /proc/acpi/button/power/PWRF/info

###EV_KEY 0x01 KEY_ 151 1 /proc/acpi/button/power/PWRF/info
###EV_KEY 0x01 KEY_ 152 1 /proc/acpi/button/power/PWRF/info
###EV_KEY 0x01 KEY_ 153 1 /proc/acpi/button/power/PWRF/info
###EV_KEY 0x01 KEY_ 154 1 /proc/acpi/button/power/PWRF/info

#MAIL    0x01 KEY_MAIL       155 1 /proc/acpi/button/power/PWRF/info

###EV_KEY 0x01 KEY_ 156 1 /proc/acpi/button/power/PWRF/info
###EV_KEY 0x01 KEY_ 157 1 /proc/acpi/button/power/PWRF/info

#BACK    0x01 KEY_BACK       158 1 /proc/acpi/button/power/PWRF/info
#FORWARD 0x01 KEY_FORWARD    159 1 /proc/acpi/button/power/PWRF/info

###EV_KEY 0x01 KEY_ 160 1 /proc/acpi/button/power/PWRF/info
###EV_KEY 0x01 KEY_ 161 1 /proc/acpi/button/power/PWRF/info
###EV_KEY 0x01 KEY_ 162 1 /proc/acpi/button/power/PWRF/info

#NEXTSONG        0x01 KEY_NEXTSONG       163 1 /proc/acpi/button/power/PWRF/info
#PLAYPAUSE       0x01 KEY_PLAYPAUSE      164 1 /proc/acpi/button/power/PWRF/info
#PREVIOUSSONG    0x01 KEY_PREVIOUSSONG   165 1 /proc/acpi/button/power/PWRF/info

###EV_KEY 0x01 KEY_ 166 1 /proc/acpi/button/power/PWRF/info
###EV_KEY 0x01 KEY_ 167 1 /proc/acpi/button/power/PWRF/info
###EV_KEY 0x01 KEY_ 168 1 /proc/acpi/button/power/PWRF/info
###EV_KEY 0x01 KEY_ 169 1 /proc/acpi/button/power/PWRF/info
###EV_KEY 0x01 KEY_ 170 1 /proc/acpi/button/power/PWRF/info
###EV_KEY 0x01 KEY_ 171 1 /proc/acpi/button/power/PWRF/info

#HOMEPAGE    0x01 KEY_HOMEPAGE   172 1 /proc/acpi/button/power/PWRF/info
#REFRESH     0x01 KEY_REFRESH    173 1 /proc/acpi/button/power/PWRF/info
#EXIT        0x01 KEY_EXIT       174 1 /proc/acpi/button/power/PWRF/info


EV_KEY        0x01 KEY_MUTE       113 1 Key KEY_MUTE       113 event
EV_KEY  0x01 KEY_VOLUMEDOWN 114 1 Key KEY_VOLUMEDOWN 114 event
EV_KEY    0x01 KEY_VOLUMEUP   115 1 Key KEY_VOLUMEUP   115 event

##PWRF5      0x01 KEY_POWER      116 1 Key KEY_ KEY_CODE eventfallback

###EV_KEY 0x01 KEY_ 117 1 Key KEY_ KEY_CODE eventfallback
###EV_KEY 0x01 KEY_ 118 1 Key KEY_ KEY_CODE eventfallback

EV_KEY       0x01 KEY_PAUSE      119 1  KEY_PAUSE

###EV_KEY 0x01 KEY_ 120 1 Key KEY_ KEY_CODE eventfallback
###EV_KEY 0x01 KEY_ 121 1 Key KEY_ KEY_CODE eventfallback
###EV_KEY 0x01 KEY_ 122 1 Key KEY_ KEY_CODE eventfallback
###EV_KEY 0x01 KEY_ 123 1 Key KEY_ KEY_CODE eventfallback
###EV_KEY 0x01 KEY_ 124 1 Key KEY_ KEY_CODE eventfallback
###EV_KEY 0x01 KEY_ 125 1 Key KEY_ KEY_CODE eventfallback
###EV_KEY 0x01 KEY_ 126 1 Key KEY_ KEY_CODE eventfallback
###EV_KEY 0x01 KEY_ 127 1 Key KEY_ KEY_CODE eventfallback

EV_KEY     0x01 KEY_STOP      128 1 KEY_STOP
EV_KEY    0x01 KEY_AGAIN     129 1  KEY_AGAIN

###EV_KEY 0x01 KEY_ 130 1 Key KEY_ KEY_CODE eventfallback
###EV_KEY 0x01 KEY_ 131 1 Key KEY_ KEY_CODE eventfallback
###EV_KEY 0x01 KEY_ 132 1 Key KEY_ KEY_CODE eventfallback
###EV_KEY 0x01 KEY_ 133 1 Key KEY_ KEY_CODE eventfallback
###EV_KEY 0x01 KEY_ 134 1 Key KEY_ KEY_CODE eventfallback
###EV_KEY 0x01 KEY_ 135 1 Key KEY_ KEY_CODE eventfallback
###EV_KEY 0x01 KEY_ 136 1 Key KEY_ KEY_CODE eventfallback
###EV_KEY 0x01 KEY_ 137 1 Key KEY_ KEY_CODE eventfallback
###EV_KEY 0x01 KEY_ 138 1 Key KEY_ KEY_CODE eventfallback
###EV_KEY 0x01 KEY_ 139 1 Key KEY_ KEY_CODE eventfallback

EV_KEY   0x01 KEY_CALC        140 1  KEY_CALC

###EV_KEY 0x01 KEY_ 141 1 Key KEY_ KEY_CODE eventfallback

EV_KEY   0x01 KEY_SLEEP      142 1 KEY_SLEEP
EV_KEY  0x01 KEY_WAKEUP     143 1  KEY_WAKEUP
EV_KEY    0x01 KEY_POWER      144 1 KEY_FILE

###EV_KEY 0x01 KEY_ 145 1 Key KEY_ KEY_CODE eventfallback
###EV_KEY 0x01 KEY_ 146 1 Key KEY_ KEY_CODE eventfallback
###EV_KEY 0x01 KEY_ 147 1 Key KEY_ KEY_CODE eventfallback
###EV_KEY 0x01 KEY_ 148 1 Key KEY_ KEY_CODE eventfallback
###EV_KEY 0x01 KEY_ 149 1 Key KEY_ KEY_CODE eventfallback

EV_KEY     0x01 KEY_WWW        150 1 KEY_WWW

###EV_KEY 0x01 KEY_ 151 1 Key KEY_ KEY_CODE eventfallback
###EV_KEY 0x01 KEY_ 152 1 Key KEY_ KEY_CODE eventfallback
###EV_KEY 0x01 KEY_ 153 1 Key KEY_ KEY_CODE eventfallback
###EV_KEY 0x01 KEY_ 154 1 Key KEY_ KEY_CODE eventfallback

EV_KEY    0x01 KEY_MAIL       155 1 KEY_MAIL

###EV_KEY 0x01 KEY_ 156 1 Key KEY_ KEY_CODE eventfallback
###EV_KEY 0x01 KEY_ 157 1 Key KEY_ KEY_CODE eventfallback

EV_KEY    0x01 KEY_BACK       158 1 KEY_BACK
EV_KEY 0x01 KEY_FORWARD    159 1    KEY_FORWARD

###EV_KEY 0x01 KEY_ 160 1 Key KEY_ KEY_CODE eventfallback
###EV_KEY 0x01 KEY_ 161 1 Key KEY_ KEY_CODE eventfallback
###EV_KEY 0x01 KEY_ 162 1 Key KEY_ KEY_CODE eventfallback

EV_KEY        0x01 KEY_NEXTSONG       163 1  KEY_NEXTSONG
EV_KEY       0x01 KEY_PLAYPAUSE      164 1   KEY_PLAYPAUSE
EV_KEY    0x01 KEY_PREVIOUSSONG   165 1      PREVIOUSSONG
EV_KEY          0x01 KEY_STOPCD         166 1 KEY_STOPCD

###EV_KEY 0x01 KEY_ 167 1 Key KEY_ KEY_CODE eventfallback
###EV_KEY 0x01 KEY_ 168 1 Key KEY_ KEY_CODE eventfallback
###EV_KEY 0x01 KEY_ 169 1 Key KEY_ KEY_CODE eventfallback
###EV_KEY 0x01 KEY_ 170 1 Key KEY_ KEY_CODE eventfallback

EV_KEY      0x01 KEY_CONFIG     171 1 KEY_CONFIG
EV_KEY    0x01 KEY_HOMEPAGE   172 1   KEY_HOMEPAGE
EV_KEY     0x01 KEY_REFRESH    173 1  KEY_REFRESH
EV_KEY        0x01 KEY_EXIT       174 1 KEY_EXIT
