#button/power PWRF 00000080
#acpid: bad line 1: 3 tokens found, 6 needed

#button/power PWRF 00000080 button/power PWRF 00000080
#acpid: invalid number 'PWRF'

#Power:
#"EV_KEY" 0x01 "KEY_POWER" 222 1 "button/power PWRF 00000080"
#"EV_KEY" 0x01 "KEY_POWER" 222 1 "button/power PWRB 00000080"
#"EV_KEY" 0x01 "KEY_POWER" 222 1 "button/power PBTN 00000080"
#acpid: invalid number '0x01,'

#xev
#KeyPress event, serial 32, synthetic NO, window 0x1a00001,
#    root 0x4b, subw 0x0, time 3387103593, (77,136), root:(139,252),
#    state 0x2000, keycode 222 (keysym 0x0, NoSymbol), same_screen YES,
#    XLookupString gives 0 bytes:
#    XmbLookupString gives 0 bytes:
#    XFilterEvent returns: False

#KeyRelease event, serial 32, synthetic NO, window 0x1a00001,
#    root 0x4b, subw 0x0, time 3387103937, (77,136), root:(139,252),
#    state 0x2000, keycode 222 (keysym 0x0, NoSymbol), same_screen YES,
#    XLookupString gives 0 bytes:
#    XFilterEvent returns: False

#xmodmap
# 73    	0xffc4 (F7)	0x1008fe07 (XF86_Switch_VT_7)


#static void parse_map_file(const char *filename)
#{
#	parser_t *parser;
#	char *tokens[6];
#
#	parser = config_open2(filename, fopen_for_read);
#
#	if (parser) {
#		while (config_read(parser, tokens, 6, 6, "# \t", PARSE_NORMAL)) {
#			evt_tab = xrealloc_vector(evt_tab, 1, n_evt);
#			evt_tab[n_evt].s_type = xstrdup(tokens[0]);
#			evt_tab[n_evt].n_type = xstrtou(tokens[1], 16);
#			evt_tab[n_evt].s_code = xstrdup(tokens[2]);
#			evt_tab[n_evt].n_code = xatou16(tokens[3]);
#			evt_tab[n_evt].value = xatoi_positive(tokens[4]);
#			evt_tab[n_evt].desc = xstrdup(tokens[5]);
#			n_evt++;
#		}
#		config_close(parser);
#	} else {
#		evt_tab = (void*)f_evt_tab;
#		n_evt = ARRAY_SIZE(f_evt_tab);
#	}
#}
#struct acpi_event {
#	const char *s_type;
#	uint16_t n_type;
#	const char *s_code;
#	uint16_t n_code;
#	uint32_t value;
#	const char *desc;
#};
#
#static const struct acpi_event f_evt_tab[] = {
#	{ "EV_KEY", 0x01, "KEY_POWER", 116, 1, "button/power PWRF 00000080" },
#	{ "EV_KEY", 0x01, "KEY_POWER", 116, 1, "button/power PWRB 00000080" },
#};
#	116    	0xfe08 (ISO_Next_Group)

#acpid: bad line 71: 3 tokens found, 6 needed :
#error error error


"EV_KEY" 0x01 "KEY_POWER" 116 1 /proc/acpi/button/power/PWRF/info
#"EV_KEY" 0x01 "KEY_POWER" 116 1 /etc/acpi/PWRF/00000080
#"EV_KEY" 0x01 "KEY_POWER" 116 1 /etc/acpi/busybox/powerbutton
#acpid: "button/power PWRF 00000080": No such file or director
#acpid: "PWRF/00000080": No such file or directory
#acpid: "/etc/acpi/PWRF/00000080": No such file or directory
